[app-sorteos.com/en/pricing.html]
[backblue.gif]
[fade.gif]
[index.html]
[use.fontawesome.com/releases/v5.7.0/css/all.css]
[stackpath.bootstrapcdn.com/bootstrap/4.2.1/css/bootstrap.min.css]
[app-sorteos.com/css/style03aa.css]
[app-sorteos.com/font/asicons-v1.0/style0bfc.css]
[app-sorteos.com/img/sharing/en_landing.jpg]
[app-sorteos.com/js/adsbygoogle.js]
[app-sorteos.com/img/logo2.png]
[app-sorteos.com/en/faqs.html]
[app-sorteos.com/en/support.html]
[pagead2.googlesyndication.com/pagead/js/f.txt]
[connect.facebook.net/es_ES/sdk.js]
[app-sorteos.com/en/apps.html]
[app-sorteos.com/en/blog/how-to-create-instagram-giveawys-and-contest.html]
[app-sorteos.com/en/blog/find-your-instagram-photo-url.html]
[app-sorteos.com/en/blog/filter-instagram-giveaway-comments.html]
[app-sorteos.com/en/giveaways-and-contest-certification.html]
[app-sorteos.com/en/apps/instagram-comment-picker.html]
[s7.addthis.com/js/300/addthis_widget.js]
[app-sorteos.com/en/apps/facebook-comment-picker.html]
[app-sorteos.com/en/apps/youtube-giveaway.html]
[app-sorteos.com/en/apps/online-roll-dice.html]
[app-sorteos.com/en/apps/pick-random-name-winner.html]
[app-sorteos.com/en/apps/wheel-decide.html]
[http2.mlstatic.com/ui/navigation/4.4.2/mercadopago/logo__large.png]
[app-sorteos.com/en/pricing.html]
[use.fontawesome.com/releases/v5.7.0/css/all.css]
[stackpath.bootstrapcdn.com/bootstrap/4.2.1/css/bootstrap.min.css]
[app-sorteos.com/en/checkout7c0a.html]
[app-sorteos.com/js/all.front.compiled6a78.js]
[app-sorteos.com/img/blue.jpg]
[app-sorteos.com/css/style03aa.css]
[app-sorteos.com/font/asicons-v1.0/fonts/asicons2400.ttf]
[app-sorteos.com/font/asicons-v1.0/fonts/asicons2400.eot]
[app-sorteos.com/font/asicons-v1.0/fonts/asicons2400.woff]
[app-sorteos.com/font/asicons-v1.0/style0bfc.css]
[app-sorteos.com/font/asicons-v1.0/fonts/asicons2400.svg]
[app-sorteos.com/en/blog/filters-instagram-comments-giveaway]
[app-sorteos.com/en/faqs.html]
[www.google.com/recaptcha/apida10.js]
[app-sorteos.com/en/support.html]
[app-sorteos.com/en/apps.html]
[connect.facebook.net/es_ES/sdk.js]
[app-sorteos.com/en/blog/how-to-create-instagram-giveawys-and-contest.html]
[app-sorteos.com/en/blog/find-your-instagram-photo-url.html]
[app-sorteos.com/en/blog/filter-instagram-giveaway-comments.html]
[app-sorteos.com/en/giveaways-and-contest-certification.html]
[app-sorteos.com/en/blog/instagram-multi-accounts-giveaways.html]
[app-sorteos.com/en/apps/twitter-giveaway.html]
[platform-api.sharethis.com/js/sharethis.js]
[app-sorteos.com/en/apps/instagram-comment-picker.html]
[app-sorteos.com/en/apps/facebook-comment-picker.html]
[app-sorteos.com/en/apps/online-roll-dice.html]
[app-sorteos.com/en/apps/youtube-giveaway.html]
[app-sorteos.com/en/apps/pick-random-name-winner.html]
[app-sorteos.com/en/fb-app.html]
[app-sorteos.com/img/apps/en_wheel-spin.png]
[cdnjs.cloudflare.com/ajax/libs/gsap/latest/TweenMax.min.js]
[app-sorteos.com/en/apps/wheel-decide.html]
[app-sorteos.com/js/vendor/winwheel.min.js]
[app-sorteos.com/en/checkout7c0a.html]
[app-sorteos.com/font/asicons-v1.0/fonts/asicons2400.svg]
[app-sorteos.com/en/blog/filters-instagram-comments-giveaway.html]
[app-sorteos.com/en/apps/twitter-giveaway.html]
[app-sorteos.com/en/blog/instagram-multi-accounts-giveaways.html]
[connect.facebook.net/en_US/sdk.js]
[app-sorteos.com/en/fb-app.html]
[connect.facebook.net/en_US/sdk.js]
[app-sorteos.com/en/apps/instagram-giveaway.html]
